.\venv\Scripts\python
.exe : Traceback 
(most recent call 
last):
At line:1 char:1
+ .\venv\Scripts\pyth
on.exe -c "from 
backend.main import 
app; print('SU ...
+ ~~~~~~~~~~~~~~~~~~~
~~~~~~~~~~~~~~~~~~~~~
~~~~~~~~~~~~~~~~~~~~~
~~~~~~~~
    + CategoryInfo   
           : NotSpe  
  cified: (Traceba   
 ck (most recent     
call last)::Stri    
ng) [], RemoteEx    
ception
    + FullyQualified 
   ErrorId : Native  
  CommandError
 
  File "<string>", 
line 1, in <module>
  File "C:\Users\Dhru
v\OneDrive\Desktop\ch
atbot\backend\main.py
", line 7, in 
<module>
    from .database 
import init_db
  File "C:\Users\Dhru
v\OneDrive\Desktop\ch
atbot\backend\databas
e.py", line 6, in 
<module>
    settings = 
get_settings()
               
^^^^^^^^^^^^^^
  File "C:\Users\Dhru
v\OneDrive\Desktop\ch
atbot\backend\config.
py", line 41, in 
get_settings
    return Settings()
           ^^^^^^^^^^
  File "C:\Users\Dhru
v\OneDrive\Desktop\ch
atbot\venv\Lib\site-p
ackages\pydantic_sett
ings\main.py", line 
194, in __init__
    super().__init__(
  File "C:\Users\Dhru
v\OneDrive\Desktop\ch
atbot\venv\Lib\site-p
ackages\pydantic\main
.py", line 250, in 
__init__
    validated_self = 
self.__pydantic_valid
ator__.validate_pytho
n(data, 
self_instance=self)
                     
^^^^^^^^^^^^^^^^^^^^^
^^^^^^^^^^^^^^^^^^^^^
^^^^^^^^^^^^^^^^^^^^^
^^^^^^
pydantic_core._pydant
ic_core.ValidationErr
or: 1 validation 
error for Settings
chroma_persist_dir
  Extra inputs are 
not permitted [type=e
xtra_forbidden, input
_value='./chroma_db',
 input_type=str]
    For further 
information visit htt
ps://errors.pydantic.
dev/2.12/v/extra_forb
idden
